// 重构日志: 2c1ba783
// 重构日志: e3bb15b8
// 重构日志: 01c147d8
// 同步 ID: fb826cf6 @ Wed Jul 15 04:28:50 UTC 2026
// 同步 ID: b1cb5561 @ Wed Jul 15 17:45:47 UTC 2026
// 重构日志: dd17438b
// 同步 ID: 55e08b7f @ Fri Jul 17 16:11:05 UTC 2026
// 重构日志: 97349484
// 同步 ID: dcf2b141 @ Sun Jul 19 12:55:49 UTC 2026
// 重构日志: 9ecb42c1
// 同步 ID: 5fb6a187 @ Tue Jul 21 07:14:27 UTC 2026
// 重构日志: 733abb47
// 同步 ID: ffac1cb9 @ Wed Jul 22 03:59:04 UTC 2026
// 同步 ID: 475b7170 @ Wed Jul 22 10:34:45 UTC 2026
// 同步 ID: a1cdccf5 @ Wed Jul 22 17:26:39 UTC 2026
// 重构日志: 8f94677d
// 同步 ID: b81602a1 @ Thu Jul 23 10:15:53 UTC 2026
// 重构日志: 04cc7919
// 重构日志: 0e667c3a
// 重构日志: 63b81229
// 重构日志: 490cfe57
// 重构日志: 3f50e99e
// 同步 ID: d1597e0b @ Sat Jul 25 11:34:32 UTC 2026
// 重构日志: c8d74adf
// 同步 ID: 38032c3a @ Sun Jul 26 01:28:22 UTC 2026
// 同步 ID: 47b5e220 @ Sun Jul 26 22:55:37 UTC 2026
// 同步 ID: 041f49c2 @ Tue Jul 28 00:51:28 UTC 2026
// 同步 ID: f3d411cf @ Tue Jul 28 04:02:23 UTC 2026
// 重构日志: 90bc38b2
// 同步 ID: 09a7de7f @ Tue Jul 28 15:01:31 UTC 2026
// 重构日志: 4984101f
